## 2026-09-11 — Einstellungen-Seite, Keyword-Filter und Hintergrund-Aktualisierung (Issue #26)

- `SettingsPage` vollständig ausgebaut: fünf Sektions-Karten (Aufbewahrungsdauer & Speicher, Keyword-Filter (Blacklist), Synchronisation & Lesefluss, Benachrichtigungen & Ruhezeiten, Erscheinungsbild); `SettingsViewModel` persistiert jede Änderung sofort über `ISettingsRepository.SaveAsync` (Aufbewahrungsdauer über `Slider.DragCompleted`).
- Neue `settings`-Spalten `auto_refresh_enabled`, `refresh_interval_minutes` und `theme` samt EF-Core-Migration `AddSettingsAutoRefreshAndTheme`; `Settings`-Modelle und `SettingsRepository` entsprechend erweitert.
- Keyword-Blacklist: Keywords werden auf der Einstellungen-Seite als Chips verwaltet (`AddKeywordCommand`/`RemoveKeywordCommand` mit Validierung auf leer, Dublette, max. 500 Zeichen); neuer `IKeywordMatcher`/`KeywordMatcher` matcht Titel und HTML-Inhalt per Teilwort (`OrdinalIgnoreCase`).
- `RetentionCleanupService.CleanupAsync` um die Keyword-Löschregel erweitert: gelesene, nicht gemerkte Artikel mit `(PublishedAt ?? ReadAt) < cutoff`, die ein Keyword enthalten, werden über die neuen `IItemRepository.GetExpiredKeywordCandidatesAsync`/`DeleteRangeAsync` gelöscht. Invarianten unverändert: niemals ungelesene, niemals „Später“-Artikel.
- Neuer `IAutoRefreshService`/`AutoRefreshService` (`PeriodicTimer` über injiziertem `TimeProvider`, Overlap-Guard) startet in `App.OnStart` und ruft periodisch `IFeedSyncService.SyncAllAsync` auf; wählbare Intervalle 15/30/60/240 Minuten, Laufzeit nur bei geöffneter App.
- Neuer `IAppThemeService`/`AppThemeService` setzt `Application.UserAppTheme` anhand der Einstellung (`system`/`light`/`dark`) — beim App-Start und sofort bei Änderung über den „Farbschema“-Picker.
- `ArticleDetailViewModel` wertet die globale Einstellung „Automatisch als gelesen markieren“ aus (`AutoMarkReadMode != "off"`); Verzögerung konfigurierbar inklusive Option „Sofort“ (0 s).
- Neue lokalisierte Strings in `AppResources.resx`/`.de.resx`; 38 neue Tests (`SettingsViewModelTests_*`, `KeywordMatcherTests`, `AutoRefreshServiceTests` mit `FakeTimeProvider`, erweiterte `RetentionCleanupServiceTests`/`ItemRepositoryTests`/`SettingsRepositoryTests`); manuelle UI-Verifikation 390 × 844 pt in Light/Dark in `test-results.md` dokumentiert.
- Neuer Hilfe-Funktionsbereich `docs/help/einstellungen/` angelegt; `aufbewahrung.md`, `datenmodell.md`, `architektur.md`, `artikeldetailansicht.md`, `beschreibung.md`, `synchronisation.md`, `mobile-ui-design.md` und `index.md` unter `docs/help/anwendung/` sowie `docs/help/index.md` aktualisiert.

## 2026-09-11 — „Für später bewahren“-Funktion und automatische Aufbewahrung (Issue #25)

- Automatische Retention-Löschung: Neuer `IRetentionCleanupService` / `RetentionCleanupService` (`Reporter.Core`), der in `App.OnStart` nach der Datenbank-Migration fehlerisoliert ausgeführt wird.
- Neue Repository-Methode `IItemRepository.DeleteExpiredAsync(cutoff)` löscht per `ExecuteDeleteAsync` nur gelesene, nicht gemerkte Artikel, deren Stichtag (`ReadAt ?? PublishedAt`) älter als `Settings.RetentionDays` ist; `RetentionDays <= 0` deaktiviert das Aufräumen.
- Lösch-Invariante verankert: Für später gemerkte Artikel (`IsSavedForLater`) können strukturell nie automatisch gelöscht werden; `DeleteAsync` (Einzellöschung) und die Feed-Löschkaskade sind dokumentierte Ausnahmen.
- Bestehende „Später“-Bausteine verifiziert: Bookmark-Toggle auf `ArticleCardView` und `ArticleDetailPage`, Tab „Später“ (`LaterPage`/`LaterViewModel`), `GetSavedForLaterAsync`/`ToggleSavedForLaterAsync`.
- Neue Tests: `LaterViewModelTests`, `RetentionCleanupServiceTests`, Erweiterungen in `ItemRepositoryTests`, `UnreadViewModelTests` und `FeedRepositoryTests`; Hilfsmethode `TestDataSeeder.SeedFeedAsync`.
- Manuelle UI-Verifikation (390 × 844 pt, Light/Dark) in `test-results.md` und `docs/help/anwendung/mobile-ui-design.md` dokumentiert; neue Hilfeseiten `spaeter.md` und `aufbewahrung.md` unter `docs/help/anwendung/`.

## 2026-09-10 — Kategorieverwaltung umgesetzt

- `CategoriesPage` und `CategoriesViewModel` für das Anlegen, Bearbeiten und Löschen von Kategorien.
- Neuer Tab **Kategorien** in `AppShell`.
- `ICategoryRepository.GetAllWithFeedCountAsync()` inklusive `CategoryWithCount`-Modell.
- `AppResources.resx` / `AppResources.de.resx` um Kategorien-spezifische Titel und Labels erweitert.
- Unit- und Integrationstests für Repository und ViewModel.

## 2026-09-09 — XML-Dokumentation und csproj-xmldoc-Hook umgesetzt

- `<GenerateDocumentationFile>true</GenerateDocumentationFile>` und `<WarningsAsErrors>CS1591</WarningsAsErrors>` in alle `.csproj` aufgenommen.
- XML-Dokumentation (`<summary>`, `<param>`, `<returns>`) für alle öffentlichen Typen und Member ergänzt.
- `Colors.xaml`/`Styles.xaml` mit `x:Class` und Code-Behind versehen, `x:ClassModifier="Internal"`, damit SourceGen-Helper nicht `CS1591` auslösen.
- ResourceDictionary-Loading in `App.xaml.cs` über C#-Instanzen.
- `AppResources.Designer.cs` auf auto-properties umgestellt.

## 2026-09-09 — Git-Hooks übernommen

- Git-Hooks aus `https://github.com/martin-stromberg/Pattern-Collection/tree/main/Git-Hooks` in `.githooks` übernommen.
- `core.hooksPath` auf `.githooks` gesetzt.
- RESX-Dateien um `reader`/`writer`-Header ergänzt, damit `translation-check.py` besteht.
- `README.md` um Git-Hooks-Abschnitt ergänzt.

## 2026-09-09 — RESX-Lokalisierung an UI gebunden

- `AppResources.resx` / `AppResources.de.resx` um Seiten- und Tab-Titel sowie Platzhaltertexte erweitert.
- `AppResources.Designer.cs` als typisierter Zugriff auf RESX-Texte hinzugefügt.
- ViewModels (`UnreadViewModel`, `FeedsViewModel`, `LaterViewModel`, `SettingsViewModel`) verwenden `AppResources` für `Title`.
- `AppShell` setzt Tab-Titel über `AppResources`.
- Pages binden Platzhaltertexte per `x:Static` auf `AppResources`.

## 2026-09-09 — Design-System aus design-draft umgesetzt

- Einbindung der Schriftarten **Newsreader** und **Inter** (inkl. Regular, Medium, SemiBold und Newsreader Italic).
- Entfernung der OpenSans-Template-Fonts.
- Neuerstellung von `Colors.xaml` mit den Farb-Token für Light- und Dark-Theme aus dem `design-draft`.
- Neuerstellung von `Styles.xaml` mit Typografie-Styles (Display, Headline, Body, Meta, UI-Label) und Basis-Stilen für Page, Shell, Button, Entry, Editor usw.
- Anpassung der Pages (`UnreadPage`, `FeedsPage`, `LaterPage`, `SettingsPage`) an die neuen Typografie-Styles.
- Aktualisierung von `README.md` und `docs/help/anwendung/architektur.md`.

## 2026-09-09 — .NET MAUI-Projektscaffolding und Basisarchitektur

- Erstellung der Solution `Reporter.sln` mit den vier Projekten `Reporter`, `Reporter.Core`, `Reporter.Data` und `Reporter.Tests`.
- Einrichtung der MAUI-Shell-Navigation mit den Tabs **Ungelesen**, **Feeds**, **Später** und **Einstellungen**.
- Einrichtung von `Microsoft.Extensions.DependencyInjection` sowie ViewModel-Basen auf Basis von `CommunityToolkit.Mvvm`.
- Anlage der Design-System-Grundlagen (Light/Dark) und der RESX-Lokalisierungsrüstung für Deutsch und Englisch.
- Aktualisierung der `README.md` und Anlage der `docs/help`-Dokumentation.
- Durchführung eines technischen Code-Reviews.
